SQL> SET LINES 100 PAGES 100;
SQL> SELECT*
  2  FROM EMP;

     EMPNO ENAME      JOB              MGR HIREDATE         SAL       COMM     DEPTNO
---------- ---------- --------- ---------- --------- ---------- ---------- ----------
      7369 SMITH      CLERK           7902 17-DEC-80        800                    20
      7499 ALLEN      SALESMAN        7698 20-FEB-81       1600        300         30
      7521 WARD       SALESMAN        7698 22-FEB-81       1250        500         30
      7566 JONES      MANAGER         7839 02-APR-81       2975                    20
      7654 MARTIN     SALESMAN        7698 28-SEP-81       1250       1400         30
      7698 BLAKE      MANAGER         7839 01-MAY-81       2850                    30
      7782 CLARK      MANAGER         7839 09-JUN-81       2450                    10
      7788 SCOTT      ANALYST         7566 19-APR-87       3000                    20
      7839 KING       PRESIDENT            17-NOV-81       5000                    10
      7844 TURNER     SALESMAN        7698 08-SEP-81       1500          0         30
      7876 ADAMS      CLERK           7788 23-MAY-87       1100                    20
      7900 JAMES      CLERK           7698 03-DEC-81        950                    30
      7902 FORD       ANALYST         7566 03-DEC-81       3000                    20
      7934 MILLER     CLERK           7782 23-JAN-82       1300                    10

14 rows selected.

SQL> SELECT *
  2  FROM DEPT;

    DEPTNO DNAME          LOC
---------- -------------- -------------
        10 ACCOUNTING     NEW YORK
        20 RESEARCH       DALLAS
        30 SALES          CHICAGO
        40 OPERATIONS     BOSTON

SQL> SELECT ENAME,SAL,JOB,HIREDATE
  2  FROM EMP
  3  WHERE 
  4  
SQL> 
SQL> 
SQL> SELECT ENAME
  2  FROM EMP
  3  WHERE SAL=(SELECT MAX(SAL)
  4  FROM EMP);

ENAME
----------
KING

SQL> SELECT ENAME 
  2  FROM EMP
  3  WHERE HIREDATE=(SELECT MIN(HIREDATE)
  4  FROM EMP;
WHERE HIREDATE=(SELECT MIN(HIREDATE)
                *
ERROR at line 3:
ORA-00921: unexpected end of SQL command


SQL> SELECT ENAME FROM EMP
  2  WHERE HIREDATE=(SELECT MIN(HIREDATE)
  3  FROM EMP);

ENAME
----------
SMITH

SQL> SELECT ENAME, COMM
  2  FROM EMP
  3  WHERE COMM=(SELECT MIN(COMM)
  4  FROM EMP);

ENAME            COMM
---------- ----------
TURNER              0

SQL> SELECT ENAME 
  2  FROM EMP
  3  WHERE <ALL(SELECT SAL
  4  FROM EMP
  5  WHERE DEPTNO=30);
WHERE <ALL(SELECT SAL
      *
ERROR at line 3:
ORA-00936: missing expression


SQL> SELECT ENAME
  2  FROM EMP
  3  WHERE >ALL(SELECT SAL
  4  FROM EMP
  5  WHERE DEPTNO=30);
WHERE >ALL(SELECT SAL
      *
ERROR at line 3:
ORA-00936: missing expression


SQL> SELECT ENAME 
  2  FROM EMP
  3  WHERE SAL>ALL(SELECT SAL
  4  FROM EMP
  5  WHERE DEPTNO=30);

ENAME
----------
JONES
SCOTT
KING
FORD

SQL> SELECT ENAME 
  2  FROM EMP
  3  WHERE SAL>ALL(SELECT SAL
  4  FROM EMP
  5  WHERE JOB='SALESMAN');

ENAME
----------
JONES
BLAKE
CLARK
SCOTT
KING
FORD

6 rows selected.

SQL> SELECT *
  2  FROM EMP;

     EMPNO ENAME      JOB              MGR HIREDATE         SAL       COMM     DEPTNO
---------- ---------- --------- ---------- --------- ---------- ---------- ----------
      7369 SMITH      CLERK           7902 17-DEC-80        800                    20
      7499 ALLEN      SALESMAN        7698 20-FEB-81       1600        300         30
      7521 WARD       SALESMAN        7698 22-FEB-81       1250        500         30
      7566 JONES      MANAGER         7839 02-APR-81       2975                    20
      7654 MARTIN     SALESMAN        7698 28-SEP-81       1250       1400         30
      7698 BLAKE      MANAGER         7839 01-MAY-81       2850                    30
      7782 CLARK      MANAGER         7839 09-JUN-81       2450                    10
      7788 SCOTT      ANALYST         7566 19-APR-87       3000                    20
      7839 KING       PRESIDENT            17-NOV-81       5000                    10
      7844 TURNER     SALESMAN        7698 08-SEP-81       1500          0         30
      7876 ADAMS      CLERK           7788 23-MAY-87       1100                    20
      7900 JAMES      CLERK           7698 03-DEC-81        950                    30
      7902 FORD       ANALYST         7566 03-DEC-81       3000                    20
      7934 MILLER     CLERK           7782 23-JAN-82       1300                    10

14 rows selected.

SQL> SELECT *
  2  FROM EMP
  3  WHERE HIREDATE>ALL(SELECT HIREDATE
  4  FROM EMP
  5  WHERE JOB='CLERK');

no rows selected

SQL> SELECT *
  2  FROM EMP
  3  WHERE HIREDATE<ANY(SELECT HIREDATE
  4  FROM EMP
  5  WHERE JOB='CLERK');

     EMPNO ENAME      JOB              MGR HIREDATE         SAL       COMM     DEPTNO
---------- ---------- --------- ---------- --------- ---------- ---------- ----------
      7369 SMITH      CLERK           7902 17-DEC-80        800                    20
      7499 ALLEN      SALESMAN        7698 20-FEB-81       1600        300         30
      7521 WARD       SALESMAN        7698 22-FEB-81       1250        500         30
      7566 JONES      MANAGER         7839 02-APR-81       2975                    20
      7698 BLAKE      MANAGER         7839 01-MAY-81       2850                    30
      7782 CLARK      MANAGER         7839 09-JUN-81       2450                    10
      7844 TURNER     SALESMAN        7698 08-SEP-81       1500          0         30
      7654 MARTIN     SALESMAN        7698 28-SEP-81       1250       1400         30
      7839 KING       PRESIDENT            17-NOV-81       5000                    10
      7900 JAMES      CLERK           7698 03-DEC-81        950                    30
      7902 FORD       ANALYST         7566 03-DEC-81       3000                    20
      7934 MILLER     CLERK           7782 23-JAN-82       1300                    10
      7788 SCOTT      ANALYST         7566 19-APR-87       3000                    20

13 rows selected.

SQL> SELECT *
  2  FROM EMP
  3  WHERE HIREDATE>ALL(SELECT HIREDATE
  4  FROM EMP
  5  WHERE JOB='CLERK');

no rows selected

SQL> ED
Wrote file afiedt.buf

  1  SELECT *
  2  FROM EMP
  3  WHERE HIREDATE>ALL(SELECT HIREDATE
  4  FROM EMP
  5* WHERE JOB='CLERK')
SQL> 
SQL> ED
Wrote file afiedt.buf

  1  SELECT *
  2  FROM EMP
  3  WHERE HIREDATE>ALL(SELECT HIREDATE
  4  FROM EMP
  5* WHERE JOB='CLERK');
  6  
SQL> 
SQL> ED
Wrote file afiedt.buf

  1  SELECT *
  2  FROM EMP
  3  WHERE HIREDATE>ALL(SELECT HIREDATE
  4  FROM EMP
  5* WHERE JOB='CLERK');
  6  
SQL> ED
Wrote file afiedt.buf

  1  SELECT *
  2  FROM EMP
  3  WHERE HIREDATE>ALL(SELECT HIREDATE
  4  FROM EMP
  5* WHERE JOB='CLERK');
SQL> 